!PADS-POWERPCB-V3.0-MILS!

*PART*
AMP1	none
AMP2	none
DEF1	none
DEFAULTS	unknown
FL1	none
MX1	none
SOURCE	none
T1	none

*NET*
*SIGNAL* GND
 DEFAULTS.1
*SIGNAL* UNNAMED_NET1
 AMP1.1 SOURCE.1
*SIGNAL* UNNAMED_NET2
 AMP1.2 DEF1.1
*SIGNAL* UNNAMED_NET3
 DEF1.2 FL1.1
*SIGNAL* UNNAMED_NET4
 FL1.2 MX1.1
*SIGNAL* UNNAMED_NET5
 MX1.2 T1.1
*SIGNAL* UNNAMED_NET6
 AMP2.1 T1.2

*END*
