/GND	R1(1) R3(2);
/netx	R1(2) R2(1);
/nety	R2(2) R3(1);
