.PCB
.REM CREATED BY Lepton EDA netlister
.CON
.COD 2

.REM GND
R1 1 R3 2
.REM netx
R1 2 R2 1
.REM nety
R2 2 R3 1
.EOD
