R1 Does not have attribute: value
R2 Does not have attribute: value
R3 Does not have attribute: value
