* SPICE Lepton EDA netlister backend
R1 0 netx <No valid value attribute found>
R2 netx nety <No valid value attribute found>
R3 nety 0 <No valid value attribute found>
.END
