A1 Does not have attribute: value
M1 Does not have attribute: value
X1 Does not have attribute: value
