(ToolInfo
	(netlist "ULTIboard" 7 0 0)
	(tool "Multisim" 7 0 0)
	(timestamp "15:19:8" "9-6-2006")
	(version 3 0 0)
	(gateswap 2)
	(pinswap 1)
	(crossprobe {D6EE9C01-C93E-4246-9BC1-214A35C4954C})
	(units Mil)
)
(nets
	( net "GND"
		(trackwidth "-1.00000000e+000")
		(trackwidth_max "-1.00000000e+000")
		(trackwidth_min "-1.00000000e+000")
		(tracklength_max "-1.00000000e+000")
		(tracklength_min "-1.00000000e+000")
		(clearance_to_trace "-1.00000000e+000")
		(clearance_to_pad "-1.00000000e+000")
		(clearance_to_via "-1.00000000e+000")
		(clearance_to_copper "-1.00000000e+000")
		(routing_layer "")
		(settings_locked "0")
		(net_group "")
	)
	( net "LVH"
		(trackwidth "-1.00000000e+000")
		(trackwidth_max "-1.00000000e+000")
		(trackwidth_min "-1.00000000e+000")
		(tracklength_max "-1.00000000e+000")
		(tracklength_min "-1.00000000e+000")
		(clearance_to_trace "-1.00000000e+000")
		(clearance_to_pad "-1.00000000e+000")
		(clearance_to_via "-1.00000000e+000")
		(clearance_to_copper "-1.00000000e+000")
		(routing_layer "")
		(settings_locked "0")
		(net_group "")
	)
	( net "Vdd1"
		(trackwidth "-1.00000000e+000")
		(trackwidth_max "-1.00000000e+000")
		(trackwidth_min "-1.00000000e+000")
		(tracklength_max "-1.00000000e+000")
		(tracklength_min "-1.00000000e+000")
		(clearance_to_trace "-1.00000000e+000")
		(clearance_to_pad "-1.00000000e+000")
		(clearance_to_via "-1.00000000e+000")
		(clearance_to_copper "-1.00000000e+000")
		(routing_layer "")
		(settings_locked "0")
		(net_group "")
	)
	( net "i"
		(trackwidth "-1.00000000e+000")
		(trackwidth_max "-1.00000000e+000")
		(trackwidth_min "-1.00000000e+000")
		(tracklength_max "-1.00000000e+000")
		(tracklength_min "-1.00000000e+000")
		(clearance_to_trace "-1.00000000e+000")
		(clearance_to_pad "-1.00000000e+000")
		(clearance_to_via "-1.00000000e+000")
		(clearance_to_copper "-1.00000000e+000")
		(routing_layer "")
		(settings_locked "0")
		(net_group "")
	)
	( net "m"
		(trackwidth "-1.00000000e+000")
		(trackwidth_max "-1.00000000e+000")
		(trackwidth_min "-1.00000000e+000")
		(tracklength_max "-1.00000000e+000")
		(tracklength_min "-1.00000000e+000")
		(clearance_to_trace "-1.00000000e+000")
		(clearance_to_pad "-1.00000000e+000")
		(clearance_to_via "-1.00000000e+000")
		(clearance_to_copper "-1.00000000e+000")
		(routing_layer "")
		(settings_locked "0")
		(net_group "")
	)
	( net "p"
		(trackwidth "-1.00000000e+000")
		(trackwidth_max "-1.00000000e+000")
		(trackwidth_min "-1.00000000e+000")
		(tracklength_max "-1.00000000e+000")
		(tracklength_min "-1.00000000e+000")
		(clearance_to_trace "-1.00000000e+000")
		(clearance_to_pad "-1.00000000e+000")
		(clearance_to_via "-1.00000000e+000")
		(clearance_to_copper "-1.00000000e+000")
		(routing_layer "")
		(settings_locked "0")
		(net_group "")
	)
)
(components
	(instance "unknown" "A1"
		(device "model")
		(value "model")
		(gateswap "0")
		(pinswap "0")
		(component_space "0.00000000e+000")
		(component_group "")
		(settings_locked "0")
		(comp_variants "Default1;")
		(comp_variant_independent "0")
	)
	(instance "unknown" "Cm"
		(device "CAPACITOR")
		(value "20p")
		(gateswap "0")
		(pinswap "0")
		(component_space "0.00000000e+000")
		(component_group "")
		(settings_locked "0")
		(comp_variants "Default1;")
		(comp_variant_independent "0")
		(pin "1"
			(net "m")
			(pintype "BIDIR")
			(gategroup "")
			(pingroup "")
			(label "1")
			(gate "")
		)
		(pin "2"
			(net "GND")
			(pintype "BIDIR")
			(gategroup "")
			(pingroup "")
			(label "2")
			(gate "")
		)
	)
	(instance "unknown" "Cp"
		(device "CAPACITOR")
		(value "20p")
		(gateswap "0")
		(pinswap "0")
		(component_space "0.00000000e+000")
		(component_group "")
		(settings_locked "0")
		(comp_variants "Default1;")
		(comp_variant_independent "0")
		(pin "1"
			(net "p")
			(pintype "BIDIR")
			(gategroup "")
			(pingroup "")
			(label "1")
			(gate "")
		)
		(pin "2"
			(net "GND")
			(pintype "BIDIR")
			(gategroup "")
			(pingroup "")
			(label "2")
			(gate "")
		)
	)
	(instance "unknown" "M1"
		(device "PMOS_TRANSISTOR")
		(value "PMOS_TRANSISTOR")
		(gateswap "0")
		(pinswap "0")
		(component_space "0.00000000e+000")
		(component_group "")
		(settings_locked "0")
		(comp_variants "Default1;")
		(comp_variant_independent "0")
		(pin "B"
			(net "Vdd1")
			(pintype "BIDIR")
			(gategroup "")
			(pingroup "")
			(label "B")
			(gate "")
		)
		(pin "D"
			(net "LVH")
			(pintype "BIDIR")
			(gategroup "")
			(pingroup "")
			(label "D")
			(gate "")
		)
		(pin "G"
			(net "LVH")
			(pintype "BIDIR")
			(gategroup "")
			(pingroup "")
			(label "G")
			(gate "")
		)
		(pin "S"
			(net "Vdd1")
			(pintype "BIDIR")
			(gategroup "")
			(pingroup "")
			(label "S")
			(gate "")
		)
	)
	(instance "unknown" "Rb"
		(device "RESISTOR")
		(value "5.6k")
		(gateswap "0")
		(pinswap "0")
		(component_space "0.00000000e+000")
		(component_group "")
		(settings_locked "0")
		(comp_variants "Default1;")
		(comp_variant_independent "0")
		(pin "1"
			(net "GND")
			(pintype "BIDIR")
			(gategroup "")
			(pingroup "")
			(label "1")
			(gate "")
		)
		(pin "2"
			(net "LVH")
			(pintype "BIDIR")
			(gategroup "")
			(pingroup "")
			(label "2")
			(gate "")
		)
	)
	(instance "unknown" "Rlm"
		(device "RESISTOR")
		(value "500k")
		(gateswap "0")
		(pinswap "0")
		(component_space "0.00000000e+000")
		(component_group "")
		(settings_locked "0")
		(comp_variants "Default1;")
		(comp_variant_independent "0")
		(pin "1"
			(net "m")
			(pintype "BIDIR")
			(gategroup "")
			(pingroup "")
			(label "1")
			(gate "")
		)
		(pin "2"
			(net "GND")
			(pintype "BIDIR")
			(gategroup "")
			(pingroup "")
			(label "2")
			(gate "")
		)
	)
	(instance "unknown" "Rlp"
		(device "RESISTOR")
		(value "1meg")
		(gateswap "0")
		(pinswap "0")
		(component_space "0.00000000e+000")
		(component_group "")
		(settings_locked "0")
		(comp_variants "Default1;")
		(comp_variant_independent "0")
		(pin "1"
			(net "p")
			(pintype "BIDIR")
			(gategroup "")
			(pingroup "")
			(label "1")
			(gate "")
		)
		(pin "2"
			(net "Vdd1")
			(pintype "BIDIR")
			(gategroup "")
			(pingroup "")
			(label "2")
			(gate "")
		)
	)
	(instance "unknown" "Rt"
		(device "RESISTOR")
		(value "1k")
		(gateswap "0")
		(pinswap "0")
		(component_space "0.00000000e+000")
		(component_group "")
		(settings_locked "0")
		(comp_variants "Default1;")
		(comp_variant_independent "0")
		(pin "1"
			(net "p")
			(pintype "BIDIR")
			(gategroup "")
			(pingroup "")
			(label "1")
			(gate "")
		)
		(pin "2"
			(net "m")
			(pintype "BIDIR")
			(gategroup "")
			(pingroup "")
			(label "2")
			(gate "")
		)
	)
	(instance "none" "V1"
		(device "vpulse")
		(value "pulse 3.3 0 1u 10p 10p 1.25u 2.5u")
		(gateswap "0")
		(pinswap "0")
		(component_space "0.00000000e+000")
		(component_group "")
		(settings_locked "0")
		(comp_variants "Default1;")
		(comp_variant_independent "0")
		(pin "1"
			(net "i")
			(pintype "BIDIR")
			(gategroup "")
			(pingroup "")
			(label "1")
			(gate "")
		)
		(pin "2"
			(net "GND")
			(pintype "BIDIR")
			(gategroup "")
			(pingroup "")
			(label "2")
			(gate "")
		)
	)
	(instance "none" "Vdd"
		(device "VOLTAGE_SOURCE")
		(value "DC 3.3V")
		(gateswap "0")
		(pinswap "0")
		(component_space "0.00000000e+000")
		(component_group "")
		(settings_locked "0")
		(comp_variants "Default1;")
		(comp_variant_independent "0")
		(pin "1"
			(net "Vdd1")
			(pintype "BIDIR")
			(gategroup "")
			(pingroup "")
			(label "1")
			(gate "")
		)
		(pin "2"
			(net "GND")
			(pintype "BIDIR")
			(gategroup "")
			(pingroup "")
			(label "2")
			(gate "")
		)
	)
	(instance "unknown" "X1"
		(device "LVD")
		(value "LVD")
		(gateswap "0")
		(pinswap "0")
		(component_space "0.00000000e+000")
		(component_group "")
		(settings_locked "0")
		(comp_variants "Default1;")
		(comp_variant_independent "0")
		(pin "1"
			(net "i")
			(pintype "BIDIR")
			(gategroup "")
			(pingroup "")
			(label "1")
			(gate "")
		)
		(pin "2"
			(net "GND")
			(pintype "BIDIR")
			(gategroup "")
			(pingroup "")
			(label "2")
			(gate "")
		)
		(pin "3"
			(net "LVH")
			(pintype "BIDIR")
			(gategroup "")
			(pingroup "")
			(label "3")
			(gate "")
		)
		(pin "4"
			(net "m")
			(pintype "BIDIR")
			(gategroup "")
			(pingroup "")
			(label "4")
			(gate "")
		)
		(pin "5"
			(net "p")
			(pintype "BIDIR")
			(gategroup "")
			(pingroup "")
			(label "5")
			(gate "")
		)
		(pin "6"
			(net "Vdd1")
			(pintype "BIDIR")
			(gategroup "")
			(pingroup "")
			(label "6")
			(gate "")
		)
		(pin "7"
			(net "GND")
			(pintype "BIDIR")
			(gategroup "")
			(pingroup "")
			(label "7")
			(gate "")
		)
	)
)
(layers
	(layer "Copper Bottom"
		(routable "1")
		(type "Signal")
	)
	(layer "Copper Top"
		(routable "1")
		(type "Signal")
	)
)
