/* Switcap netlist produced by lepton-netlist (part of Lepton EDA) */
/* See http://www.geda-project.org/ for more information.          */
/* Switcap backend written by Dan McMahill                         */


TIMING;
END;

CIRCUIT;
END;



/* End of SWITCAP netlist */
END;
