*OrCAD
*START
*COMP A1	"unknown"
*COMP R1	"unknown"
*COMP V1	"none"
*NET "GND"
*NET "GND" R1."1" V1."2"
*NET "unnamed_net1"
*NET "unnamed_net1" R1."2" V1."1"

*END
