/* structural SystemC generated by lepton-netlist */
/* WARNING: This is a generated file, edits       */
/*        made here will be lost next time        */
/*        you run gnetlist!                       */
/* Id ........gnet-systemc.scm (04/09/2003)       */
/* Source...../home/geda/gnet-systemc.scm         */
/* Revision...0.3 (23/09/2003)                    */
/* Author.....Jaume Masip                         */

#include "systemc.h"
#include "options.h"
#include "RESISTOR.h"
#include "VOLTAGE_SOURCE.h"

SC_MODULE (not found)
{

/* Port directions begin here */

/* Wires from the design */
sc_signal<0> GND;
sc_signal<0> unnamed_net1;


/* Package instantiations */
options A1;
RESISTOR R1;
VOLTAGE_SOURCE V1;

SC_CTOR(not found):
    A1("A1"),
    R1("R1"),
    V1("V1")
  {
    R1.1(GND);
    R1.2(unnamed_net1);

    V1.1(unnamed_net1);
    V1.2(GND);
  }
};

