* lepton-netlist -g spice-sdb ./common/multiequal.sch
*********************************************************
* Spice file generated by lepton-netlist                *
* spice-sdb by SDB                                      *
* provides advanced spice netlisting capability.        *
* Documentation at wiki.geda-project.org/geda:csygas    *
*********************************************************
*==============  Begin SPICE netlist of main design ============
.OPTIONS abotol=1e-11
R1 0 1 20
V1 1 0 DC 1V
.end
