refdes:refdes:value:device:qty
F1:F1:unknown:FUSE:1
U100:U100:unknown:7400:1
U200:U200:unknown:7404:1
U300:U300:unknown:7404:1
U400:U400:unknown:7400:1
U500:U500:unknown:7400:1
