.START
..device	value	footprint	quantity	refdes
7400	unknown	DIP14	3	U100 U400 U500
7404	unknown	DIP14	2	U200 U300
FUSE	unknown	unknown	1	F1
.END
