PROTEL NETLIST 2.0
[
DESIGNATOR
F1
FOOTPRINT
unknown
PARTTYPE
FUSE
DESCRIPTION
FUSE
Part Field 1
*
Part Field 2
*
Part Field 3
*
Part Field 4
*
Part Field 5
*
Part Field 6
*
Part Field 7
*
Part Field 8
*
Part Field 9
*
Part Field 10
*
Part Field 11
*
Part Field 12
*
Part Field 13
*
Part Field 14
*
Part Field 15
*
Part Field 16
*
LIBRARYFIELD1

LIBRARYFIELD2

LIBRARYFIELD3

LIBRARYFIELD4

LIBRARYFIELD5

LIBRARYFIELD6

LIBRARYFIELD7

LIBRARYFIELD8

]
[
DESIGNATOR
U100
FOOTPRINT
DIP14
PARTTYPE
7400
DESCRIPTION
7400
Part Field 1
*
Part Field 2
*
Part Field 3
*
Part Field 4
*
Part Field 5
*
Part Field 6
*
Part Field 7
*
Part Field 8
*
Part Field 9
*
Part Field 10
*
Part Field 11
*
Part Field 12
*
Part Field 13
*
Part Field 14
*
Part Field 15
*
Part Field 16
*
LIBRARYFIELD1

LIBRARYFIELD2

LIBRARYFIELD3

LIBRARYFIELD4

LIBRARYFIELD5

LIBRARYFIELD6

LIBRARYFIELD7

LIBRARYFIELD8

]
[
DESIGNATOR
U200
FOOTPRINT
DIP14
PARTTYPE
7404
DESCRIPTION
7404
Part Field 1
*
Part Field 2
*
Part Field 3
*
Part Field 4
*
Part Field 5
*
Part Field 6
*
Part Field 7
*
Part Field 8
*
Part Field 9
*
Part Field 10
*
Part Field 11
*
Part Field 12
*
Part Field 13
*
Part Field 14
*
Part Field 15
*
Part Field 16
*
LIBRARYFIELD1

LIBRARYFIELD2

LIBRARYFIELD3

LIBRARYFIELD4

LIBRARYFIELD5

LIBRARYFIELD6

LIBRARYFIELD7

LIBRARYFIELD8

]
[
DESIGNATOR
U300
FOOTPRINT
DIP14
PARTTYPE
7404
DESCRIPTION
7404
Part Field 1
*
Part Field 2
*
Part Field 3
*
Part Field 4
*
Part Field 5
*
Part Field 6
*
Part Field 7
*
Part Field 8
*
Part Field 9
*
Part Field 10
*
Part Field 11
*
Part Field 12
*
Part Field 13
*
Part Field 14
*
Part Field 15
*
Part Field 16
*
LIBRARYFIELD1

LIBRARYFIELD2

LIBRARYFIELD3

LIBRARYFIELD4

LIBRARYFIELD5

LIBRARYFIELD6

LIBRARYFIELD7

LIBRARYFIELD8

]
[
DESIGNATOR
U400
FOOTPRINT
DIP14
PARTTYPE
7400
DESCRIPTION
7400
Part Field 1
*
Part Field 2
*
Part Field 3
*
Part Field 4
*
Part Field 5
*
Part Field 6
*
Part Field 7
*
Part Field 8
*
Part Field 9
*
Part Field 10
*
Part Field 11
*
Part Field 12
*
Part Field 13
*
Part Field 14
*
Part Field 15
*
Part Field 16
*
LIBRARYFIELD1

LIBRARYFIELD2

LIBRARYFIELD3

LIBRARYFIELD4

LIBRARYFIELD5

LIBRARYFIELD6

LIBRARYFIELD7

LIBRARYFIELD8

]
[
DESIGNATOR
U500
FOOTPRINT
DIP14
PARTTYPE
7400
DESCRIPTION
7400
Part Field 1
*
Part Field 2
*
Part Field 3
*
Part Field 4
*
Part Field 5
*
Part Field 6
*
Part Field 7
*
Part Field 8
*
Part Field 9
*
Part Field 10
*
Part Field 11
*
Part Field 12
*
Part Field 13
*
Part Field 14
*
Part Field 15
*
Part Field 16
*
LIBRARYFIELD1

LIBRARYFIELD2

LIBRARYFIELD3

LIBRARYFIELD4

LIBRARYFIELD5

LIBRARYFIELD6

LIBRARYFIELD7

LIBRARYFIELD8

]
(
3.3V
U500-14 7400-14 PASSIVE
)
(
5V
U500-14 7400-14 PASSIVE
)
(
DGND
U400-2 7400-2 PASSIVE
)
(
DIGITAL_GND
U500-10 7400-10 PASSIVE
)
(
GND
U100-7 7400-7 PASSIVE
U300-7 7404-7 PASSIVE
U400-7 7400-7 PASSIVE
U500-7 7400-7 PASSIVE
U500-9 7400-9 PASSIVE
)
(
Vcc
U100-14 7400-14 PASSIVE
U200-14 7404-14 PASSIVE
U300-14 7404-14 PASSIVE
U400-14 7400-14 PASSIVE
)
(
XGND
U200-7 7404-7 PASSIVE
)
(
netattrib
U100-5 7400-5 PASSIVE
U200-2 7404-2 PASSIVE
)
(
one
F1-1 FUSE-1 PASSIVE
U100-3 7400-3 PASSIVE
U200-1 7404-1 PASSIVE
U300-1 7404-1 PASSIVE
)
(
signal1
U400-1 7400-1 PASSIVE
U500-1 7400-1 PASSIVE
)
(
signal3
U400-3 7400-3 PASSIVE
U400-5 7400-5 PASSIVE
)
(
signal4
U400-4 7400-4 PASSIVE
U400-10 7400-10 PASSIVE
)
(
signal6
U400-6 7400-6 PASSIVE
U400-9 7400-9 PASSIVE
)
(
signal8
U400-8 7400-8 PASSIVE
)
(
signal12
U400-12 7400-12 PASSIVE
)
(
unnamed_net1
U300-2 7404-2 PASSIVE
)
(
unnamed_net2
U500-3 7400-3 PASSIVE
U500-4 7400-4 PASSIVE
U500-5 7400-5 PASSIVE
)
