* lepton-netlist -g spice-sdb ./common/netattrib.sch
*********************************************************
* Spice file generated by lepton-netlist                *
* spice-sdb by SDB                                      *
* provides advanced spice netlisting capability.        *
* Documentation at wiki.geda-project.org/geda:csygas    *
*********************************************************
*==============  Begin SPICE netlist of main design ============
F1 one unconnected_pin-3 <No valid value attribute found>
U100 unconnected_pin-2 unconnected_pin-1 one unknown
U200 one netattrib unknown
U300 one 1 unknown
U400.1 signal1 DGND signal3 unknown
U400.2 signal4 signal3 signal6 unknown
U400.3 signal6 signal4 signal8 unknown
U500.1 signal1 unconnected_pin-4 2 unknown
U500.2 2 2 unconnected_pin-5 unknown
U500.3 0 DIGITAL_GND unconnected_pin-6 unknown
.end
