* SPICE Lepton EDA netlister backend
C1 eight nine 2200uF
C2 eight nine 0.1uF
C3 ten nine 22uF
C4 eleven nine 1uf
CONN1 one five 0 <No valid value attribute found>
F1 two three <No valid value attribute found>
R1 nine ten nine 5k
R2 ten eleven 220
S1 one two <No valid value attribute found>
T1 three five six seven <No valid value attribute found>
U1 eight nine seven six <No valid value attribute found>
U2 ten eleven eight <No valid value attribute found>
.END
