refdes	refdes	value	device
U100	U100	unknown	7400
