(ToolInfo
	(netlist "ULTIboard" 7 0 0)
	(tool "Multisim" 7 0 0)
	(timestamp "15:19:8" "9-6-2006")
	(version 3 0 0)
	(gateswap 2)
	(pinswap 1)
	(crossprobe {D6EE9C01-C93E-4246-9BC1-214A35C4954C})
	(units Mil)
)
(nets
	( net "GND"
		(trackwidth "-1.00000000e+000")
		(trackwidth_max "-1.00000000e+000")
		(trackwidth_min "-1.00000000e+000")
		(tracklength_max "-1.00000000e+000")
		(tracklength_min "-1.00000000e+000")
		(clearance_to_trace "-1.00000000e+000")
		(clearance_to_pad "-1.00000000e+000")
		(clearance_to_via "-1.00000000e+000")
		(clearance_to_copper "-1.00000000e+000")
		(routing_layer "")
		(settings_locked "0")
		(net_group "")
	)
	( net "SING_N"
		(trackwidth "-1.00000000e+000")
		(trackwidth_max "-1.00000000e+000")
		(trackwidth_min "-1.00000000e+000")
		(tracklength_max "-1.00000000e+000")
		(tracklength_min "-1.00000000e+000")
		(clearance_to_trace "-1.00000000e+000")
		(clearance_to_pad "-1.00000000e+000")
		(clearance_to_via "-1.00000000e+000")
		(clearance_to_copper "-1.00000000e+000")
		(routing_layer "")
		(settings_locked "0")
		(net_group "")
	)
	( net "SING_N_2"
		(trackwidth "-1.00000000e+000")
		(trackwidth_max "-1.00000000e+000")
		(trackwidth_min "-1.00000000e+000")
		(tracklength_max "-1.00000000e+000")
		(tracklength_min "-1.00000000e+000")
		(clearance_to_trace "-1.00000000e+000")
		(clearance_to_pad "-1.00000000e+000")
		(clearance_to_via "-1.00000000e+000")
		(clearance_to_copper "-1.00000000e+000")
		(routing_layer "")
		(settings_locked "0")
		(net_group "")
	)
	( net "Vcc"
		(trackwidth "-1.00000000e+000")
		(trackwidth_max "-1.00000000e+000")
		(trackwidth_min "-1.00000000e+000")
		(tracklength_max "-1.00000000e+000")
		(tracklength_min "-1.00000000e+000")
		(clearance_to_trace "-1.00000000e+000")
		(clearance_to_pad "-1.00000000e+000")
		(clearance_to_via "-1.00000000e+000")
		(clearance_to_copper "-1.00000000e+000")
		(routing_layer "")
		(settings_locked "0")
		(net_group "")
	)
)
(components
	(instance "DIP14" "U100"
		(device "7400")
		(value "7400")
		(gateswap "0")
		(pinswap "0")
		(component_space "0.00000000e+000")
		(component_group "")
		(settings_locked "0")
		(comp_variants "Default1;")
		(comp_variant_independent "0")
		(pin "1"
			(net "SING_N_2")
			(pintype "BIDIR")
			(gategroup "")
			(pingroup "")
			(label "1")
			(gate "")
		)
		(pin "2"
			(net "#f")
			(pintype "BIDIR")
			(gategroup "")
			(pingroup "")
			(label "2")
			(gate "")
		)
		(pin "3"
			(net "SING_N_2")
			(pintype "BIDIR")
			(gategroup "")
			(pingroup "")
			(label "3")
			(gate "")
		)
		(pin "4"
			(net "SING_N")
			(pintype "BIDIR")
			(gategroup "")
			(pingroup "")
			(label "4")
			(gate "")
		)
		(pin "5"
			(net "SING_N")
			(pintype "BIDIR")
			(gategroup "")
			(pingroup "")
			(label "5")
			(gate "")
		)
		(pin "6"
			(net "SING_N")
			(pintype "BIDIR")
			(gategroup "")
			(pingroup "")
			(label "6")
			(gate "")
		)
		(pin "unknown"
			(net "GND")
			(pintype "BIDIR")
			(gategroup "")
			(pingroup "")
			(label "7")
			(gate "")
		)
		(pin "8"
			(net "SING_N")
			(pintype "BIDIR")
			(gategroup "")
			(pingroup "")
			(label "8")
			(gate "")
		)
		(pin "9"
			(net "SING_N")
			(pintype "BIDIR")
			(gategroup "")
			(pingroup "")
			(label "9")
			(gate "")
		)
		(pin "10"
			(net "SING_N")
			(pintype "BIDIR")
			(gategroup "")
			(pingroup "")
			(label "10")
			(gate "")
		)
		(pin "unknown"
			(net "Vcc")
			(pintype "BIDIR")
			(gategroup "")
			(pingroup "")
			(label "14")
			(gate "")
		)
	)
)
(layers
	(layer "Copper Bottom"
		(routable "1")
		(type "Signal")
	)
	(layer "Copper Top"
		(routable "1")
		(type "Signal")
	)
)
