PINLIST,2
(DRAWING,GEDA.PIN,1-1
(SYM,1
DATA,2,U100
DATA,3,7400
DATA,4,DIP14
PIN,,SING_N_2,1-1,5,23,1
PIN,,#f,1-1,5,23,2
PIN,,SING_N_2,1-1,5,23,3
PIN,,SING_N,1-1,5,23,4
PIN,,SING_N,1-1,5,23,5
PIN,,SING_N,1-1,5,23,6
PIN,,GND,1-1,5,23,unknown
PIN,,SING_N,1-1,5,23,8
PIN,,SING_N,1-1,5,23,9
PIN,,SING_N,1-1,5,23,10
PIN,,VCC,1-1,5,23,unknown
)
)
SIG,GND,1-1,5,GND
SIG,SING_N,1-1,5,SING_N
SIG,SING_N_2,1-1,5,SING_N_2
SIG,VCC,1-1,5,VCC
)
