.PCB
.REM CREATED BY Lepton EDA netlister
.CON
.COD 2

.REM minusin_slot1_pin_b
U1 2
.REM minusin_slot2_pin6_b
U1 6
.REM minusin_slot3_pin_b
U1 9
.REM minusin_slot4_pin13_b
U1 13
.REM plusin_slot1_pin3_a
U1 3
.REM plusin_slot2_pin5_a
U1 5
.REM plusin_slot3_pin10_a
U1 10
.REM plusin_slot4_pin12_a
U1 12
.REM samenet_output_c
U1 1 U1 7 U1 8 U1 14
.EOD
