/* structural SystemC generated by lepton-netlist */
/* WARNING: This is a generated file, edits       */
/*        made here will be lost next time        */
/*        you run gnetlist!                       */
/* Id ........gnet-systemc.scm (04/09/2003)       */
/* Source...../home/geda/gnet-systemc.scm         */
/* Revision...0.3 (23/09/2003)                    */
/* Author.....Jaume Masip                         */

#include "systemc.h"
#include "LM324.h"

SC_MODULE (not found)
{

/* Port directions begin here */

/* Wires from the design */
sc_signal<0> minusin_slot1_pin_b;
sc_signal<0> minusin_slot2_pin6_b;
sc_signal<0> minusin_slot3_pin_b;
sc_signal<0> minusin_slot4_pin13_b;
sc_signal<0> plusin_slot1_pin3_a;
sc_signal<0> plusin_slot2_pin5_a;
sc_signal<0> plusin_slot3_pin10_a;
sc_signal<0> plusin_slot4_pin12_a;
sc_signal<0> samenet_output_c;


/* Package instantiations */
LM324 U1;

SC_CTOR(not found):
    U1("U1")
  {
    U1.1(samenet_output_c);
    U1.2(minusin_slot1_pin_b);
    U1.3(plusin_slot1_pin3_a);
    U1.5(plusin_slot2_pin5_a);
    U1.6(minusin_slot2_pin6_b);
    U1.7(samenet_output_c);
    U1.8(samenet_output_c);
    U1.9(minusin_slot3_pin_b);
    U1.10(plusin_slot3_pin10_a);
    U1.12(plusin_slot4_pin12_a);
    U1.13(minusin_slot4_pin13_b);
    U1.14(samenet_output_c);
  }
};

