refdes:refdes:value:device:qty
A1:A1:unknown:model:1
A2:A2:unknown:include:1
A3:A3:.options TEMP=25:directive:1
C1:C1:2.2uF:CAPACITOR:1
C2:C2:2.2uF:CAPACITOR:1
CE1:CE1:1pF:CAPACITOR:1
CE2:CE2:1pF:CAPACITOR:1
Cout:Cout:2.2uF:CAPACITOR:1
Q1:Q1:unknown:NPN_TRANSISTOR:1
Q2:Q2:unknown:NPN_TRANSISTOR:1
R1:R1:28K:RESISTOR:1
R2:R2:2K:RESISTOR:1
R3:R3:28K:RESISTOR:1
R4:R4:2.8K:RESISTOR:1
R5:R5:10:RESISTOR:1
R8:R8:1:RESISTOR:1
RC1:RC1:3.3K:RESISTOR:1
RC2:RC2:1K:RESISTOR:1
RE1:RE1:100:RESISTOR:1
RE2:RE2:100:RESISTOR:1
RL:RL:100K:RESISTOR:1
VCC:VCC:DC 15V:VOLTAGE_SOURCE:1
Vinput:Vinput:DC 1.6V AC 10MV SIN(0 1MV 1KHZ):vsin:1
