# release: pcb 1.99x
# To read pcb files, the pcb version (or the cvs source date) must be >= the file version
FileVersion[20070407]
PCB["" 600000 500000]
Grid[10000.000000 0 0 0]
Cursor[0 0 0.000000]
PolyArea[200000000.000000]
Thermal[0.500000]
DRC[1000 1000 1000 1000 1500 1000]
Flags("nameonpcb,uniquename,clearnew,snappin")
Groups("1,c:2:3:4:5:6,s:7:8")
Styles["Signal,1000,3600,2000,1000:Power,2500,6000,3500,1000:Fat,4000,6000,3500,1000:Skinny,600,2402,1181,600"]
PKG_unknown(unknown,A1,unknown)
PKG_unknown(unknown,A2,unknown)
PKG_unknown(unknown,A3,.options TEMP=25)
PKG_unknown(unknown,C1,2.2uF)
PKG_unknown(unknown,C2,2.2uF)
PKG_unknown(unknown,CE1,1pF)
PKG_unknown(unknown,CE2,1pF)
PKG_unknown(unknown,Cout,2.2uF)
PKG_unknown(unknown,Q1,unknown)
PKG_unknown(unknown,Q2,unknown)
PKG_unknown(unknown,R1,28K)
PKG_unknown(unknown,R2,2K)
PKG_unknown(unknown,R3,28K)
PKG_unknown(unknown,R4,2.8K)
PKG_unknown(unknown,R5,10)
PKG_unknown(unknown,R8,1)
PKG_unknown(unknown,RC1,3.3K)
PKG_unknown(unknown,RC2,1K)
PKG_unknown(unknown,RE1,100)
PKG_unknown(unknown,RE2,100)
PKG_unknown(unknown,RL,100K)
PKG_none(none,VCC,DC 15V)
PKG_none(none,Vinput,DC 1.6V AC 10MV SIN(0 1MV 1KHZ))
Layer(1 "top")
(
)
Layer(2 "ground")
(
)
Layer(3 "signal2")
(
)
Layer(4 "signal3")
(
)
Layer(5 "power")
(
)
Layer(6 "bottom")
(
)
Layer(7 "outline")
(
)
Layer(8 "spare")
(
)
Layer(9 "silk")
(
)
Layer(10 "silk")
(
)
