-- Structural VAMS generated by lepton-netlist
-- Secondary unit

ARCHITECTURE default_architecture OF default_entity IS
	unknown GND 	:  unknown;
	unknown U1_2_to_B 	:  unknown;
	unknown U2_1_to_E-net 	:  unknown;
	unknown Utop/Umiddle/Urock/-12V 	:  unknown;
	unknown Utop/Umiddle/Urock/BUGA 	:  unknown;
	unknown Uunder/Umiddle/Urock/-12V 	:  unknown;
	unknown Uunder/Umiddle/Urock/BUGA 	:  unknown;
	unknown Vcc 	:  unknown;
	unknown same_for_all 	:  unknown;
BEGIN
-- Architecture statement part

  U1 : ENTITY 7404
	PORT MAP (	1 => OPEN,
			2 => U1_2_to_B,
			7 => GND,
			14 => Vcc);

  U2 : ENTITY 7404
	PORT MAP (	1 => U2_1_to_E-net,
			2 => same_for_all,
			7 => GND,
			14 => Vcc);

  Utop/Umiddle/Urock/Qrock : ENTITY PNP_TRANSISTOR
	PORT MAP (	B => U1_2_to_B,
			C => Utop/Umiddle/Urock/-12V,
			D => Utop/Umiddle/Urock/BUGA,
			E => U2_1_to_E-net);

  Uunder/Umiddle/Urock/Qrock : ENTITY PNP_TRANSISTOR
	PORT MAP (	B => U1_2_to_B,
			C => Uunder/Umiddle/Urock/-12V,
			D => Uunder/Umiddle/Urock/BUGA,
			E => U2_1_to_E-net);
END ARCHITECTURE default_architecture;
