START header

gEDA's netlist format
(Initially created for testing of gnetlist)

END header

No graphical symbols found

START components

Qrock/Urock/Umiddle/Utop device=PNP_TRANSISTOR
Qrock/Urock/Umiddle/Uunder device=PNP_TRANSISTOR
U1 device=7404
U2 device=7404

END components

No "no-connect" nets found

START renamed-nets

Utop/middleA -> U1_2_to_B
Uunder/middleA -> U1_2_to_B
Utop/Umiddle/rockA -> U1_2_to_B
Uunder/Umiddle/rockA -> U1_2_to_B
Utop/Umiddle/Urock/unnamed_net_at_5900x4500 -> U1_2_to_B
Uunder/Umiddle/Urock/unnamed_net_at_5900x4500 -> U1_2_to_B
U2_1_to_E -> U2_1_to_E-net
Utop/middleB -> U2_1_to_E-net
Uunder/middleB -> U2_1_to_E-net
Utop/Umiddle/rockB -> U2_1_to_E-net
Uunder/Umiddle/rockB -> U2_1_to_E-net
Utop/Umiddle/Urock/unnamed_net_at_8300x4500 -> U2_1_to_E-net
Uunder/Umiddle/Urock/unnamed_net_at_8300x4500 -> U2_1_to_E-net

END renamed-nets

START nets

GND : U1 7, U2 7
U1_2_to_B : Qrock/Urock/Umiddle/Utop B, Qrock/Urock/Umiddle/Uunder B, U1 2
U2_1_to_E-net : Qrock/Urock/Umiddle/Utop E, Qrock/Urock/Umiddle/Uunder E, U2 1
Utop/Umiddle/Urock/-12V : Qrock/Urock/Umiddle/Utop C
Utop/Umiddle/Urock/BUGA : Qrock/Urock/Umiddle/Utop D
Uunder/Umiddle/Urock/-12V : Qrock/Urock/Umiddle/Uunder C
Uunder/Umiddle/Urock/BUGA : Qrock/Urock/Umiddle/Uunder D
Vcc : U1 14, U2 14
same_for_all : U2 2

END nets

