START header

gEDA's netlist format
(Initially created for testing of gnetlist)

END header

No graphical symbols found

START components

U1 device=7404
U2 device=7404
Utop/Umiddle/Urock/Qrock device=PNP_TRANSISTOR
Uunder/Umiddle/Urock/Qrock device=PNP_TRANSISTOR

END components

No "no-connect" nets found

START renamed-nets

Utop/middleA -> U1_2_to_B
Uunder/middleA -> U1_2_to_B
Utop/Umiddle/rockA -> U1_2_to_B
Uunder/Umiddle/rockA -> U1_2_to_B
Utop/Umiddle/Urock/unnamed_net_at_5900x4500 -> U1_2_to_B
Uunder/Umiddle/Urock/unnamed_net_at_5900x4500 -> U1_2_to_B
U2_1_to_E -> U2_1_to_E-net
Utop/middleB -> U2_1_to_E-net
Uunder/middleB -> U2_1_to_E-net
Utop/Umiddle/rockB -> U2_1_to_E-net
Uunder/Umiddle/rockB -> U2_1_to_E-net
Utop/Umiddle/Urock/unnamed_net_at_8300x4500 -> U2_1_to_E-net
Uunder/Umiddle/Urock/unnamed_net_at_8300x4500 -> U2_1_to_E-net

END renamed-nets

START nets

-12V/Urock/Umiddle/Utop : Utop/Umiddle/Urock/Qrock C
-12V/Urock/Umiddle/Uunder : Uunder/Umiddle/Urock/Qrock C
BUGA/Urock/Umiddle/Utop : Utop/Umiddle/Urock/Qrock D
BUGA/Urock/Umiddle/Uunder : Uunder/Umiddle/Urock/Qrock D
GND : U1 7, U2 7
U1_2_to_B : U1 2, Utop/Umiddle/Urock/Qrock B, Uunder/Umiddle/Urock/Qrock B
U2_1_to_E-net : U2 1, Utop/Umiddle/Urock/Qrock E, Uunder/Umiddle/Urock/Qrock E
Vcc : U1 14, U2 14
same_for_all : U2 2

END nets

